CGTN,https://0472.org/hls/cgtn.m3u8
CGTN,http://english-livetx.cgtn.com/hls/yypdyyctzb_hd.m3u8
CGTN俄语,https://0472.org/hls/cgtne.m3u8
CGTN俄语,http://russian-livews.cgtn.com/hls/LSvexABhNipibK5KRuUkvHZ7220802LSTeze9o8tdFXMHsb1VosgoT220802cd.m3u8
CGTN法语,https://0472.org/hls/cgtnf.m3u8
CGTN法语,http://espanol-liveali.cgtn.com/hls/LSveOGBaBw41Ea7ukkVAUdKQ220802LSTexu6xAuFH8VZNBLE1ZNEa220802cd.m3u8
CGTN纪录,https://0472.org/hls/cgtnd.m3u8
CGTN纪录,https://english-livetx.cgtn.com/hls/yypdjlctzb_hd.m3u8
CGTN西语,https://0472.org/hls/cgtnx.m3u8
CGTN阿语,https://0472.org/hls/cgtna.m3u8
中国交通,http://drive.mxmy.net:8888/udp/239.3.1.188:8001
熊猫直播,https://gcwbndali.v.myalicdn.com/gcwbnd/ipanda1000_2/index.m3u8
直播中国,https://gcalic.v.myalicdn.com/gc/wgw05_1/index.m3u8?contentid=2820180516001
支持作者,https://vd2.bdstatic.com/mda-scfjjr0gw3rrk0nm/sc/cae_h264/1773669284080863767/mda-scfjjr0gw3rrk0nm.mp4
兵团卫视,http://183.11.239.36:808/hls/7/index.m3u8
兵团卫视,http://120.76.248.139/live/bfgd/4200000124.m3u8
海峡卫视,http://8.138.7.223/tv/hxws.m3u8
海峡卫视,http://38.64.72.148:80/hls/modn/list/4009/chunklist0.m3u8
海峡卫视,http://38.64.72.148:80/hls/modn/list/4009/playlist.m3u8
农林卫视,http://120.76.248.139/live/bfgd/4200000122.m3u8
农林卫视,http://8.138.7.223/【公众号：榴芒电视】/农林卫视.m3u8
农林卫视,http://124.116.183.146:9901/tsfile/live/1004_1.m3u8
农林卫视,http://124.116.183.146:9901/tsfile/live/1004_1.m3u8?key=txiptv&playlive=1&authid=0
东方卫视4K,https://bp-resource-dfl.bestv.cn/148/3/video.m3u8
苏州4K,https://tylive.kan0512.com/norecord/csztv4k_4k.m3u8
龙华电影,https://cdn8.163189.xyz/live/lhdy/stream.m3u8
AMC电影,http://61.221.215.25:8800/hls/43/index.m3u8
28岁电影,https://goodiptv.club/douyu/8884164
CHC电影,http://183.237.95.108:9901/tsfile/live/1008_1.m3u8?key=txiptv&playlive=0&authid=0
二胖影视,https://goodiptv.club/douyu/10064260
人在囧途,https://vip.ffzy-play.com/20221018/1953_2d6ba500/index.m3u8
人在囧途之泰囧,https://vip.ffzy-play.com/20221018/1951_47e1adc8/index.m3u8
人在囧途之港囧,https://vip.ffzy-play7.com/20230112/11082_fde1a94d/index.m3u8
倩女幽魂人间道,http://jsmov2.a.yximgs.com/bs3/video-hls/5250634317044855747_hlsb.m3u8
倩女幽魂妖魔道,http://jsmov2.a.yximgs.com/bs3/video-hls/5232901391302199073_hlsb.m3u8
倩女幽魂道道道,http://jsmov2.a.yximgs.com/bs3/video-hls/5216294367991385255_hlsb.m3u8
冰冰影剧,http://www.goodiptv.club/douyu/74374
刀刀影院,http://www.goodiptv.club/douyu/747764
华语影视,http://www.goodiptv.club/douyu/3928
发条张的电影最TOP,https://goodiptv.club/douyu/2164691
古装武侠,http://www.goodiptv.club/douyu/2793084
天堂电影1895,https://goodiptv.club/douyu/9573592
奇怪电影,https://goodiptv.club/douyu/9440966
寒战,https://vip.ffzy-play6.com/20221019/157_bf0740ee/index.m3u8
小儛电影嘚啵嘚,https://goodiptv.club/douyu/8362978
广东影视,http://119.32.12.17:2901/udp/224.1.100.11:11111
怪兽马提尼电影,https://goodiptv.club/douyu/9075333
我不是药神,https://vip.ffzy-play1.com/20221018/478_c3afed66/index.m3u8
拆弹专家1,https://vip.ffzy-online.com/20221015/719_80ff87c2/index.m3u8
拆弹专家2,https://vip.ffzy-online.com/20221015/722_e32c42bc/index.m3u8
斗鱼港剧,http://www.goodiptv.club/douyu/5061550
无际电影,https://goodiptv.club/douyu/9720498
林九影视,https://goodiptv.club/douyu/7212528
橙记港剧,http://www.goodiptv.club/douyu/4549169
洛克电影,https://goodiptv.club/douyu/9414884
涛浪浪电影,https://goodiptv.club/douyu/5424258
热门港剧,http://www.goodiptv.club/douyu/5522351
熊猫电影,https://goodiptv.club/douyu/3506483
爱星影视,https://goodiptv.club/douyu/9476806
特辑电影院,https://goodiptv.club/douyu/3637778
独立鱼电影,https://goodiptv.club/douyu/2413555
猫眼电影,https://goodiptv.club/douyu/8726221
电影丧尸片,http://live.metshop.top/huya/21059578?cdn=alicdn
电影八点档,http://live.metshop.top/huya/880261?cdn=alicdn
电影刘德华,http://live.metshop.top/huya/11342424?cdn=alicdn
电影功夫片,http://live.metshop.top/huya/11352941?cdn=alicdn
电影动作电影,http://live.metshop.top/huya/11602077?cdn=alicdn
电影吐槽汇,https://goodiptv.club/douyu/9447668
电影周星星,http://live.metshop.top/huya/11336587?cdn=alicdn
电影幕后喵,https://goodiptv.club/douyu/8884074
电影战争片,http://live.metshop.top/huya/21059574?cdn=alicdn
电影梁家辉,http://live.metshop.top/huya/11342429?cdn=alicdn
电影漩涡,https://goodiptv.club/douyu/8706350
电影犯罪片,http://live.metshop.top/huya/11352974?cdn=alicdn
电影蜘蛛侠,http://live.metshop.top/huya/21059599?cdn=alicdn
电影谍战,http://live.metshop.top/huya/21059585?cdn=alicdn
电影谍战片,http://live.metshop.top/huya/21059587?cdn=alicdn
电影贺岁,http://live.metshop.top/huya/11601971?cdn=alicdn
电影迷小雅,https://goodiptv.club/douyu/9639225
粤语电影丶,https://goodiptv.club/douyu/1226741
经典剧集,http://www.goodiptv.club/douyu/6863367
维立方电影,https://goodiptv.club/douyu/8706393
美亚电影,https://live.tvfix.org/live/mydy/index.m3u8
美亚电影,http://zjrtv.vip/live/?tbs=mydy
老电影故事,https://goodiptv.club/douyu/9167273
让子弹飞,https://vip.ffzy-play7.com/20230116/11563_b9f44814/index.m3u8
豆瓣电影,https://live.tvfix.org/live/cmc/index.m3u8
贝爷求生,http://www.goodiptv.club/douyu/9661369
贝爷求生影视,https://goodiptv.club/douyu/9661369
逐梦电影,https://goodiptv.club/douyu/4058285
邵氏影院,http://www.goodiptv.club/douyu/4246519
铁血影视汇,https://goodiptv.club/douyu/9649701
阿苏电影,https://goodiptv.club/douyu/9037784
韩国电影1,https://stream.ads.ottera.tv/playlist.m3u8?network_id=595
韩国电影2,https://stream.ads.ottera.tv/playlist.m3u8?network_id=743
龙门飞甲,http://jsmov2.a.yximgs.com/bs3/video-hls/5203346449046555193_hlsb.m3u8
纪实科教8K,http://111.31.106.140/downflv.brtvcloud.com/8klive/8kliveok.m3u8
南国都市,https://tencentplay.gztv.com/live/nanguodushi.m3u8?txSecret=550af55c0ea34ce492748481415b6dfa&txTime=1903e7b17de
新视觉,http://120.76.248.139/live/bfgd/4200000249.m3u8
纪实科教,http://120.76.248.139/live/bfgd/4200000113.m3u8
广东少儿,http://gmxw.7766.org:808/hls/175/index.m3u8
广东少儿,http://119.32.12.17:2901/udp/224.1.100.9:11111
动画大师姐,https://goodiptv.club/douyu/9742136
韩国EBS少儿,http://ebsonairios.ebs.co.kr/ebsutablet500k/tablet500k/playlist.m3u8
11No巴蒂11,https://goodiptv.club/douyu/9455937
3秒爱上学习V,https://goodiptv.club/douyu/9541736
5毒士,https://goodiptv.club/douyu/9406600
7师傅,https://goodiptv.club/douyu/17732
AK萌虎,https://goodiptv.club/douyu/4049310
BetterMan北北,https://goodiptv.club/douyu/8507023
Biu餐厅主管,https://goodiptv.club/douyu/7921708
Cloud猪,https://goodiptv.club/douyu/527502
DS女老诗,https://goodiptv.club/douyu/563536
Ethan清醒思考,https://goodiptv.club/douyu/9481151
Hi欣欣,https://goodiptv.club/douyu/11996166
JhZj丶天明,https://goodiptv.club/douyu/1006179
KyoKyo不是QQ,https://goodiptv.club/douyu/4732337
LR1245,https://goodiptv.club/douyu/12534632
MJ小林大人嗷,https://goodiptv.club/douyu/9204381
OE档案,https://goodiptv.club/douyu/6725858
OneGuy丶,https://goodiptv.club/douyu/9734098
Only丶邵氏,https://goodiptv.club/douyu/4246519
Psyman塞门,https://goodiptv.club/douyu/9753585
QLIMES,https://goodiptv.club/douyu/1039732
Svip丶YoYo,https://goodiptv.club/douyu/3472959
TSSS映画,https://goodiptv.club/douyu/9749339
XCin888,https://goodiptv.club/douyu/3617935
YIKa777,https://goodiptv.club/douyu/8868213
a萌小翘臀,https://goodiptv.club/douyu/7552568
baby丶贝贝,https://goodiptv.club/douyu/431460
dw151295068,https://goodiptv.club/douyu/12655359
dy荒野建造,https://goodiptv.club/douyu/10039437
epcdiy,https://goodiptv.club/douyu/8759268
e尔袏,https://goodiptv.club/douyu/12015111
gslaini,https://goodiptv.club/douyu/6997954
koanluowei,https://goodiptv.club/douyu/10906963
ljgdy,https://goodiptv.club/douyu/1600769
low君热剧,https://goodiptv.club/douyu/8461020
py86阿,https://goodiptv.club/douyu/8849954
shhher,https://goodiptv.club/douyu/8733680
sweet夏有甜,https://goodiptv.club/douyu/4808115
xiaoxiao1004,https://goodiptv.club/douyu/2569874
一把钢刀镇斗虞,https://goodiptv.club/douyu/7356023
一束光开始,https://goodiptv.club/douyu/8662684
一条闲木鱼,https://goodiptv.club/douyu/10102281
万合出品,https://goodiptv.club/douyu/9220456
三个老爸实验室,https://goodiptv.club/douyu/9090487
三代鹿人v,https://goodiptv.club/douyu/9629717
三国颜老师,https://goodiptv.club/douyu/12253936
三年辅助一场空,https://goodiptv.club/douyu/5251148
三斤呦,https://goodiptv.club/douyu/9047933
不二真探,https://goodiptv.club/douyu/10319545
不会骑马的健身少年,https://goodiptv.club/douyu/8862198
不思异剧场,https://goodiptv.club/douyu/9297412
世界纪录大全,https://goodiptv.club/douyu/9406359
丛林工程师,https://goodiptv.club/douyu/9804149
丶最紧要好玩,https://goodiptv.club/douyu/6361974
乌拉吖有剧,https://goodiptv.club/douyu/10075154
乐儿丶Ler,https://goodiptv.club/douyu/8221699
九仙人儿,https://goodiptv.club/douyu/8669085
乡村水龙,https://goodiptv.club/douyu/9486905
乡间大路上,https://goodiptv.club/douyu/9850661
书岳钓鱼,https://goodiptv.club/douyu/10100206
二次元fans鹿鹿,https://goodiptv.club/douyu/8661526
亮亮也是酿酿,https://goodiptv.club/douyu/4340136
人类早期驯服,https://goodiptv.club/douyu/8892864
仓鼠大逃亡,https://goodiptv.club/douyu/10354920
伊太刀刀,https://goodiptv.club/douyu/747764
俩个麻瓜,https://goodiptv.club/douyu/10121755
傲娇一喵喵,https://goodiptv.club/douyu/9392610
光之镇魂曲,https://goodiptv.club/douyu/12684513
兔兔MC维辰软桃团,https://goodiptv.club/douyu/8266799
关云猖,https://goodiptv.club/douyu/8820996
农氏野钓,https://goodiptv.club/douyu/10103361
冷孝洪,https://goodiptv.club/douyu/9527761
凤起青云,https://goodiptv.club/douyu/749124
刀刀de食堂,https://goodiptv.club/douyu/6733133
分享备用,https://goodiptv.club/douyu/5804577
刘少丶7012,https://goodiptv.club/douyu/131977
刘松毅,https://goodiptv.club/douyu/12128227
利利川,https://goodiptv.club/douyu/9329249
剧透大爆炸,https://goodiptv.club/douyu/1739752
功夫联盟2020,https://goodiptv.club/douyu/9169624
动漫推荐i,https://goodiptv.club/douyu/5187099
励志少年派,https://goodiptv.club/douyu/8700367
北京影帝的分身,https://goodiptv.club/douyu/9805480
千代语默,https://goodiptv.club/douyu/9484187
半打星冰乐,https://goodiptv.club/douyu/7481383
单纯的顺才少爷,https://goodiptv.club/douyu/10084875
卖女孩滴小姑凉,https://goodiptv.club/douyu/922564
卖爆鱼的小姑娘,https://goodiptv.club/douyu/5982597
卿离倾心,https://goodiptv.club/douyu/7286439
双笙陈元汐,https://goodiptv.club/douyu/6476693
只关于篮球的只老师,https://goodiptv.club/douyu/9367541
可乐家的老骑士,https://goodiptv.club/douyu/9958943
台球帝,https://goodiptv.club/douyu/10078171
吃草莓的果子狸V,https://goodiptv.club/douyu/9382395
同学请坐吧,https://goodiptv.club/douyu/3736649
同行渔猎笔记,https://goodiptv.club/douyu/2718202
名曰老饕,https://goodiptv.club/douyu/1732550
吟笑派,https://goodiptv.club/douyu/2987100
吸奇侠,https://goodiptv.club/douyu/8986636
周六野Zoey,https://goodiptv.club/douyu/8912150
周扒片,https://goodiptv.club/douyu/6434857
周杰伦颜老师,https://goodiptv.club/douyu/7537296
周队长captain,https://goodiptv.club/douyu/9023539
和猫住丶,https://goodiptv.club/douyu/850030
咕噜咕噜剧,https://goodiptv.club/douyu/10082307
咸车,https://goodiptv.club/douyu/9498554
哇萨比抓马WD,https://goodiptv.club/douyu/8808506
国士无双人物传奇,https://goodiptv.club/douyu/9544555
国际吸猫协会,https://goodiptv.club/douyu/8657834
在下小苏Su,https://goodiptv.club/douyu/8658051
在回忆中寻找,https://goodiptv.club/douyu/12065601
培根悖论唠唠嗑,https://goodiptv.club/douyu/5354713
堇姑娘,https://goodiptv.club/douyu/297689
夏日幻听MCE,https://goodiptv.club/douyu/9546437
多发几个思雨,https://goodiptv.club/douyu/7256376
多多其木格,https://goodiptv.club/douyu/9075374
大力学姐,https://goodiptv.club/douyu/8784719
大坑侦探社,https://goodiptv.club/douyu/9440339
大帅比陈雅楠,https://goodiptv.club/douyu/9718700
大漠叔叔Dm,https://goodiptv.club/douyu/1109218
大熊观影,https://goodiptv.club/douyu/8851140
大狼狗刨祖坟,https://goodiptv.club/douyu/10217975
大雪压晴松,https://goodiptv.club/douyu/12618544
大黄喵吖,https://goodiptv.club/douyu/12392971
天才大熊猫啊,https://goodiptv.club/douyu/10646699
天才简史,https://goodiptv.club/douyu/8662915
奇光主播,https://goodiptv.club/douyu/8009547
奇光主播Blaze,https://goodiptv.club/douyu/12817608
奇光主播R,https://goodiptv.club/douyu/12080172
奇光主播e,https://goodiptv.club/douyu/11849873
奇光主播q,https://goodiptv.club/douyu/12560807
奇兮兮悄陌,https://goodiptv.club/douyu/953193
女团社颜老师,https://goodiptv.club/douyu/11327316
娱乐扒叔,https://goodiptv.club/douyu/9624581
学徒郭昱麟,https://goodiptv.club/douyu/8871095
宇宙视界,https://goodiptv.club/douyu/9498354
安安601801,https://goodiptv.club/douyu/11283504
宋小宝小品,https://goodiptv.club/douyu/9817729
小太V,https://goodiptv.club/douyu/9606954
小姐姐不记得,https://goodiptv.club/douyu/3700024
小小天才搞笑视频,https://goodiptv.club/douyu/9419678
小手枪Newhandgun,https://goodiptv.club/douyu/8943060
小毅主播A,https://goodiptv.club/douyu/12780285
小毅主播G,https://goodiptv.club/douyu/12811933
小毅主播e,https://goodiptv.club/douyu/11851549
小毅主播q,https://goodiptv.club/douyu/6906628
小约翰可汗,https://goodiptv.club/douyu/9738854
小鸭子老师,https://goodiptv.club/douyu/9627625
屁屁鲁男孩,https://goodiptv.club/douyu/708526
山里记,https://goodiptv.club/douyu/9410236
崔然竣舞台天才,https://goodiptv.club/douyu/113158
巫妖王丶怀旧电视游戏,https://goodiptv.club/douyu/1023277
师落,https://goodiptv.club/douyu/6911044
庄尼兔拟音实验室,https://goodiptv.club/douyu/9546169
庆皇龙利余,https://goodiptv.club/douyu/9524210
开心锤锤动漫,https://goodiptv.club/douyu/9018297
开箱嘤嘤怪,https://goodiptv.club/douyu/10319056
张宇394795,https://goodiptv.club/douyu/7508566
弹吉他的Miumiu,https://goodiptv.club/douyu/4564166
当燕双鹰遇见李元芳,https://goodiptv.club/douyu/3439096
当铁手团遇到光复社,https://goodiptv.club/douyu/5875025
彼岸心属MADEIN伊藤美优,https://goodiptv.club/douyu/40471
往事vs随风1,https://goodiptv.club/douyu/3113309
徐大sao,https://goodiptv.club/douyu/7107176
御魔君,https://goodiptv.club/douyu/9199976
德井鱼,https://goodiptv.club/douyu/9184833
忆暄Ethan,https://goodiptv.club/douyu/9570042
怠惰守夜,https://goodiptv.club/douyu/8842108
怡宝妹妹丶,https://goodiptv.club/douyu/434971
恨铁,https://goodiptv.club/douyu/6369954
懂懂1234,https://goodiptv.club/douyu/8729614
懒猫是只喵,https://goodiptv.club/douyu/260322
成龙历险纪,https://goodiptv.club/douyu/2287949
我为奥迪上黄金,https://goodiptv.club/douyu/9336286
我们可爱的程程,https://goodiptv.club/douyu/329667
我叫孙火旺,https://goodiptv.club/douyu/9770949
我是YOLO啊,https://goodiptv.club/douyu/5077166
我是一只粽子啊啊,https://goodiptv.club/douyu/8867276
我是瓜皮儿本人a,https://goodiptv.club/douyu/9665696
我砸晕了牛顿奥,https://goodiptv.club/douyu/1218414
戒喵中心,https://goodiptv.club/douyu/8658212
戴萌兔,https://goodiptv.club/douyu/9522315
户外老曹,https://goodiptv.club/douyu/9957389
打工战士SWEET,https://goodiptv.club/douyu/8795660
拳叔二次元,https://goodiptv.club/douyu/9484105
搞笑动漫大本营,https://goodiptv.club/douyu/9650181
搞笑孟文明,https://goodiptv.club/douyu/9766337
搞笑院长,https://goodiptv.club/douyu/8829915
文侠灬杨杨,https://goodiptv.club/douyu/10317257
方攵日央木几,https://goodiptv.club/douyu/9942574
无才先生,https://goodiptv.club/douyu/8317571
旧梦随人心,https://goodiptv.club/douyu/692533
昆仑决KLF,https://goodiptv.club/douyu/1753007
星空茶茶,https://goodiptv.club/douyu/8635497
是忆昔啊,https://goodiptv.club/douyu/9455518
晓晓666666,https://goodiptv.club/douyu/426517
智仗心,https://goodiptv.club/douyu/5635000
暴走兄弟v,https://goodiptv.club/douyu/9350960
月影Yueing212,https://goodiptv.club/douyu/8885525
有一辆立标奔驰,https://goodiptv.club/douyu/12442176
朔涵君,https://goodiptv.club/douyu/9354201
朱一旦的枯燥生活v,https://goodiptv.club/douyu/7907979
李允儿er的助眠小窝,https://goodiptv.club/douyu/9038894
村野趣事荟,https://goodiptv.club/douyu/5794474
来呀官人V,https://goodiptv.club/douyu/9986305
杰克大魔王V,https://goodiptv.club/douyu/9729740
果冻lui,https://goodiptv.club/douyu/9191790
果冻萌萌的丶,https://goodiptv.club/douyu/9607934
枫泽雨畔,https://goodiptv.club/douyu/5279518
树根龙门阵,https://goodiptv.club/douyu/1833459
桀骜不驯认识,https://goodiptv.club/douyu/2041014
梦觉教游泳,https://goodiptv.club/douyu/4531679
楚汉炒果条丶,https://goodiptv.club/douyu/6785471
橙记Orange丶,https://goodiptv.club/douyu/4549169
正宗吔汁吔树牌,https://goodiptv.club/douyu/10217953
武侠剧场,https://goodiptv.club/douyu/9285904
民工小代,https://goodiptv.club/douyu/9616619
永远快乐的小美女,https://goodiptv.club/douyu/6091425
沫子瞪片,https://goodiptv.club/douyu/8783035
油兔不二字幕组,https://goodiptv.club/douyu/8850453
流小豆,https://goodiptv.club/douyu/2441228
海王尼加拉,https://goodiptv.club/douyu/10039005
滑稽中二梦V,https://goodiptv.club/douyu/8829706
然续续,https://goodiptv.club/douyu/9609171
爆笑行为大赏,https://goodiptv.club/douyu/10329767
爱爱小s,https://goodiptv.club/douyu/10308312
爱玩客iVankr,https://goodiptv.club/douyu/317409
牛奶味的梦猪猪,https://goodiptv.club/douyu/5261342
犀利影评,https://goodiptv.club/douyu/9647845
狂拽酷炫,https://goodiptv.club/douyu/4332
狂阿弥爷,https://goodiptv.club/douyu/8975282
猪弟驸马爷,https://goodiptv.club/douyu/8862501
猪肉熟了,https://goodiptv.club/douyu/296836
猫记丶,https://goodiptv.club/douyu/9242659
王俊凯的资源组,https://goodiptv.club/douyu/8862216
王德发的导演小阿伟,https://goodiptv.club/douyu/9430799
理娱打挺疼,https://goodiptv.club/douyu/2925563
瓦岗寨主坑爹李,https://goodiptv.club/douyu/7661496
甜漫妮666,https://goodiptv.club/douyu/1569773
甜粉粉的旅人呀,https://goodiptv.club/douyu/7335280
用户1275665728,https://goodiptv.club/douyu/9067836
用户2002219319,https://goodiptv.club/douyu/12819196
田园小漠,https://goodiptv.club/douyu/8669435
画渣花小烙,https://goodiptv.club/douyu/9072066
疯狂小潴潴,https://goodiptv.club/douyu/5522351
疯狂尛潴潴,https://goodiptv.club/douyu/4290711
白了个痴,https://goodiptv.club/douyu/319576
石头老纪,https://goodiptv.club/douyu/9047060
神烦xp,https://goodiptv.club/douyu/8286679
秋月剪水,https://goodiptv.club/douyu/9588891
科学放映室,https://goodiptv.club/douyu/9439712
科幻Fans布玛,https://goodiptv.club/douyu/3508304
竹儿公公,https://goodiptv.club/douyu/8807568
竹公子有礼了,https://goodiptv.club/douyu/8887432
竹叶的熊猫,https://goodiptv.club/douyu/3870925
篮球之家老李,https://goodiptv.club/douyu/9170147
篮球人物,https://goodiptv.club/douyu/8434598
篮球小人物,https://goodiptv.club/douyu/9184257
米尼影院,https://goodiptv.club/douyu/7642724
粤男有话儿,https://goodiptv.club/douyu/8764282
粤知一二,https://goodiptv.club/douyu/2940299
繁星之所在,https://goodiptv.club/douyu/6033135
纪录片之家字幕组,https://goodiptv.club/douyu/8834003
纳豆奶奶666,https://goodiptv.club/douyu/8745628
经典拳赛,https://goodiptv.club/douyu/9412138
绿阿掌,https://goodiptv.club/douyu/2365
网友咸几几,https://goodiptv.club/douyu/2174405
网神影厅,https://goodiptv.club/douyu/508118
美人而已,https://goodiptv.club/douyu/5138817
翦瞳秋,https://goodiptv.club/douyu/9623057
老人家小熊猫君,https://goodiptv.club/douyu/753342
老烟斗鬼故事,https://goodiptv.club/douyu/2337939
老王忆经典,https://goodiptv.club/douyu/9687733
老高与小茉的死忠粉,https://goodiptv.club/douyu/236461
育碧先生v,https://goodiptv.club/douyu/9505962
胆子不小的郑吉祥,https://goodiptv.club/douyu/9171887
胖段段fre,https://goodiptv.club/douyu/9662856
胡椒粉的胡歌,https://goodiptv.club/douyu/5448413
胥渡吧直播号,https://goodiptv.club/douyu/2040822
脑袋大1937,https://goodiptv.club/douyu/7655471
芒果酱Mangoo,https://goodiptv.club/douyu/138959
花町馆长,https://goodiptv.club/douyu/2295993
苏八拉西吐槽屋,https://goodiptv.club/douyu/97643
苹果Zei妖,https://goodiptv.club/douyu/2793084
苹果Zei甜,https://goodiptv.club/douyu/1174353
草帽丶海贼团,https://goodiptv.club/douyu/997925
莫扎金,https://goodiptv.club/douyu/9272077
菠萝屋SpongeBob,https://goodiptv.club/douyu/12400977
菠萝屋的海绵宝宝,https://goodiptv.club/douyu/3949681
萌小鬼,https://goodiptv.club/douyu/3928
董王老登,https://goodiptv.club/douyu/9412287
蓝星人一ET,https://goodiptv.club/douyu/9431727
蓝格雷,https://goodiptv.club/douyu/5124602
蓝翔老三国,https://goodiptv.club/douyu/7459925
蔡老板家的长工丶,https://goodiptv.club/douyu/8869614
蕃薯粥粥煮好了,https://goodiptv.club/douyu/11878141
血小板呐呐,https://goodiptv.club/douyu/4285043
血腥丶妖瞳,https://goodiptv.club/douyu/4231787
要不要请你吃元宝蜡烛,https://goodiptv.club/douyu/4168287
许君聪经典小品,https://goodiptv.club/douyu/10419558
负担亡魂,https://goodiptv.club/douyu/10308242
贾玲经典小品,https://goodiptv.club/douyu/10419541
贾贵队长真男神,https://goodiptv.club/douyu/299854
赵本删不删,https://goodiptv.club/douyu/9837104
赵本山经典小品,https://goodiptv.club/douyu/9817716
超wu的大白兔,https://goodiptv.club/douyu/2925299
跟着盟哥去探秘,https://goodiptv.club/douyu/1178229
车模颜值大赏,https://goodiptv.club/douyu/10118209
邸生,https://goodiptv.club/douyu/9665298
郭云神奇,https://goodiptv.club/douyu/8694831
都市夜魔人老王,https://goodiptv.club/douyu/610972
酋知鱼,https://goodiptv.club/douyu/5408225
酒痴东梦a,https://goodiptv.club/douyu/9477805
酷酷的滕,https://goodiptv.club/douyu/1286383
野灿baka,https://goodiptv.club/douyu/8867233
野生岛民,https://goodiptv.club/douyu/10217843
野行涛哥V,https://goodiptv.club/douyu/9329608
金枪娱,https://goodiptv.club/douyu/2798717
铁头钢脚,https://goodiptv.club/douyu/9322081
铁甲影院,https://goodiptv.club/douyu/1274132
长片短解,https://goodiptv.club/douyu/9410946
阳仔骑行,https://goodiptv.club/douyu/9329185
阿九筒的春天,https://goodiptv.club/douyu/3705679
阿坤在努力,https://goodiptv.club/douyu/9407329
阿尔法是只边牧,https://goodiptv.club/douyu/8662812
陈瀚Siri,https://goodiptv.club/douyu/759805
隐紫大人不会吐槽,https://goodiptv.club/douyu/9207457
雨忆动漫,https://goodiptv.club/douyu/9568700
霹雳舞大叔,https://goodiptv.club/douyu/1528853
鞋荐JMJ,https://goodiptv.club/douyu/865331
预言家Alice,https://goodiptv.club/douyu/9483772
马老师是马也Sama,https://goodiptv.club/douyu/8821892
高能恐怖片段君,https://goodiptv.club/douyu/10401475
鸡腿子软糖,https://goodiptv.club/douyu/8695854
鸡蛋高V,https://goodiptv.club/douyu/9367188
麦绿素dustdream,https://goodiptv.club/douyu/9336437
麻雀喳喳野行记,https://goodiptv.club/douyu/10088966
黑T毒物,https://goodiptv.club/douyu/3579219
龙大人不喷火zZ,https://goodiptv.club/douyu/9437298
龙组队长天昊,https://goodiptv.club/douyu/1487654
龙视超级笑匠,https://goodiptv.club/douyu/9375450
东莞新闻综合,https://stream.sun0769.com/dgrtv1/mp4tv1_800/index.m3u8
东莞生活资讯,https://stream.sun0769.com/dgrtv1/mp4tv2_800/index.m3u8
中华特产,http://120.76.248.139/live/bfgd/4200000158.m3u8
优优宝贝,http://120.76.248.139/live/bfgd/4200000153.m3u8
南国都市,http://tencentplay.gztv.com/live/nanguodushi.m3u8?txSecret=140110ae3d6c936a77f94c4f4d85b0d3&txTime=18d57929bd4
哈尔滨都市咨询,http://stream.hrbtv.net/zxpd/sd/live.m3u8?zheild
四海钓鱼,http://120.76.248.139/live/bfgd/4200000229.m3u8
广东经济科教,http://119.32.12.17:2901/udp/224.1.100.6:11111
广州新闻,http://tencentplay.gztv.com/live/xinwen.m3u8?txSecret=d2c2db0b598c02ec1b5623728434d367&txTime=18d57929bd3
延边2,http://stream5.jlntv.cn/wq/playlist.m3u8
河源公共,http://tmpstream.hyrtv.cn/hygg/sd/live.m3u8
河源综合,http://tmpstream.hyrtv.cn/xwzh/sd/live.m3u8
浙江钱江频道,http://ali-m-l.cztv.com/channels/lantian/channel02/1080p.m3u8
环球旅游,http://120.76.248.139/live/bfgd/4200000147.m3u8
生态环境,http://120.76.248.139/live/bfgd/4200000149.m3u8
番禺综合,http://video.epaper.pybtv.cn:8080/live/rtmp_live_demo.flv
茶频道,http://drive.mxmy.net:8888/udp/239.3.1.165:8001
萧山综合,http://l.cztvcloud.com/channels/lantian/SXxiaoshan1/720p.m3u8
西安新闻,http://112.46.105.20:8009/hls/28/index.m3u8
西安都市,http://112.46.105.20:8009/hls/29/index.m3u8
赣州公共,https://pili-live-hls-sjxgz2024.sobeylive.com/jxgz2024/396_q_live172526334096251.m3u8
赣州新闻,https://pili-live-hls-sjxgz2024.sobeylive.com/jxgz2024/396_q_live172526329228525.m3u8
车迷频道,http://120.76.248.139/live/bfgd/4200000146.m3u8
辽宁公共,http://120.76.248.139/live/bfgd/4200000077.m3u8
辽宁公共,http://120.76.248.139/live/bfgd/4200000481.m3u8
邢台生活,https://jwcdnqx.hebyun.com.cn/live/xtcsshpd/1500k/tzwj_video.m3u8
邯郸公共频道,https://jwcdnqx.hebyun.com.cn/live/hdgg/1500k/tzwj_video.m3u8
长影频道,http://tpc.x3322.net:9901/tsfile/live/1010_1.m3u8
陕西新闻咨询,http://112.46.105.20:8009/hls/18/index.m3u8
陕西秦腔,http://112.46.105.20:8009/hls/22/index.m3u8
陕西银龄,http://112.46.105.20:8009/hls/20/index.m3u8
航拍中国第二季,http://newcntv.qcloudcdn.com/asp/hls/4000/0303000a/3/default/2bdfdad540b342f592f9817cb7f3b79a/4000.m3u8
东丰,http://stream5.jlntv.cn/df/sd/live.m3u8?zjild
中国党员教育,http://12371ksc.v.kcdnvip.com/12371/dangyuanwang_1/index.m3u8
中国村庄,http://newcntv.qcloudcdn.com/asp/hls/4000/0303000a/3/default/93fc12dbf14241c18c23da104fbade23/4000.m3u8
临潭,http://pili-live-hls.hfmt.net/gntv/lttv.m3u8?zgand
九台,http://stream10.jlntv.cn/jiutaitv/sd/live.m3u8?zjild
人与自然,http://newcntv.qcloudcdn.com/asp/hls/1200/0303000a/3/default/1425e1d505654cb48ba82b807b221193/1200.m3u8
兵团五师双河影,https://liveout.btzx.com.cn/62ds9e/6o77s4.m3u8?zxinjd
双辽,http://stream5.jlntv.cn/sl/sd/live.m3u8?zjild
地理中国,http://newcntv.qcloudcdn.com/asp/hls/1200/0303000a/3/default/c6baf6f74bb944aeacee1065ea72c798/1200.m3u8
夏河,http://pili-live-hls.hfmt.net/gntv/xhtv.m3u8?zgand
奎屯汉语,http://218.84.12.186:8001/hls/main/playlist.m3u8?zxinjd
文山州新闻,http://tvdrs.wsrtv.com.cn:8100/channellive/ch1.flv?zyund
柳河,http://stream5.jlntv.cn/lh/sd/live.m3u8?zjild
桦甸,http://stream10.jlntv.cn/huadian/sd/live.m3u8?zjild
江津新闻,http://222.179.155.21:1935/ch1.m3u8?zzhongqd
汪清,http://stream5.jlntv.cn/wq/sd/live.m3u8?zjild
玛纳斯,http://218.84.127.245:1026/hls/main1/playlist.m3u8?zxinjd
珲春新闻,http://stream8.jlntv.cn/hctv/sd/live.m3u8?zjild
白山公共,http://stream8.jlntv.cn/baishan2/playlist.m3u8?zjild
碌曲,http://pili-live-hls.hfmt.net/gntv/lqtv.m3u8?zgand
磐石,http://stream5.jlntv.cn/ps/sd/live.m3u8?zjild
自然传奇,http://newcntv.qcloudcdn.com/asp/hls/1200/0303000a/3/default/81a1ad3a661748bfb8560c92d38204ca/1200.m3u8
舒兰新闻,http://stream8.jlntv.cn/shulan/sd/live.m3u8?zjild
西峰,http://pili-live-rtmp.luan2.hfmt.net/luan2/xifeng/123456.m3u8?zgand
辉南新闻,http://stream5.jlntv.cn/hn/sd/live.m3u8?zjild
通化县,http://stream5.jlntv.cn/thx/sd/live.m3u8?zjild
鄂托克旗电视台,http://110.19.181.138:10080/hls/F509Rh7GR/F509Rh7GR_live.m3u8?zneimd
靖宇,http://stream8.jlntv.cn/jytv/sd/live.m3u8?zjild
飞碟之谜01,https://hls.cntv.lxdns.com/asp/hls/2000/0303000a/3/default/f0a47e155d32450daa1d36a04fd7d262/2000.m3u8
飞碟之谜02,https://newcntv.qcloudcdn.com/asp/hls/2000/0303000a/3/default/d2454bbb542d4613a9db478dab2addfd/2000.m3u8
龙井,http://stream8.jlntv.cn/ljtv/sd/live.m3u8?zjild
77说电影,https://goodiptv.club/douyu/9444320
Michael说大片,https://goodiptv.club/douyu/8841881
SAO东西又再说SAO话,https://goodiptv.club/douyu/8833450
yaoyao说,https://goodiptv.club/douyu/884073
九叔说电影v,https://goodiptv.club/douyu/9348282
二哈讲电影,https://goodiptv.club/douyu/8778280
享看电影,https://goodiptv.club/douyu/8974130
代娱说美剧,https://goodiptv.club/douyu/9123570
侃片大师兄,https://goodiptv.club/douyu/9338839
侃片黑菠萝,https://goodiptv.club/douyu/5803764
八月看大片,https://goodiptv.club/douyu/8816671
冬粮说故事,https://goodiptv.club/douyu/5192695
刘老师说电影,https://goodiptv.club/douyu/8317926
北京大妈有话说er,https://goodiptv.club/douyu/9440530
北大落说大片,https://goodiptv.club/douyu/8828811
十里说,https://goodiptv.club/douyu/9064711
博然讲电影,https://goodiptv.club/douyu/9561992
史君说剧,https://goodiptv.club/douyu/9419771
唐司令说电影,https://goodiptv.club/douyu/8774345
多多看车,https://goodiptv.club/douyu/4921957
大趴电影院,https://goodiptv.club/douyu/8747638
好像视说故事,https://goodiptv.club/douyu/8891883
安小闫说电影x,https://goodiptv.club/douyu/1842621
将军侃片,https://goodiptv.club/douyu/8529736
小乔讲电影,https://goodiptv.club/douyu/8413908
小岛讲电影,https://goodiptv.club/douyu/9390955
小爱看大片,https://goodiptv.club/douyu/9312805
小超讲电影,https://goodiptv.club/douyu/3432645
小陶气说动漫,https://goodiptv.club/douyu/9527700
小马哥说电影,https://goodiptv.club/douyu/9396672
已知艺术家漫画解说,https://goodiptv.club/douyu/5907076
微笑影视解说,https://goodiptv.club/douyu/9476790
指缝里看电影,https://goodiptv.club/douyu/9647834
据说放映室,https://goodiptv.club/douyu/8837964
新视角解说,https://goodiptv.club/douyu/8813254
星君说电影,https://goodiptv.club/douyu/8014467
晓麦讲电影,https://goodiptv.club/douyu/453963
汪哥说电影,https://goodiptv.club/douyu/9312685
火龙果讲电影本人,https://goodiptv.club/douyu/2039501
火龙果说电影,https://goodiptv.club/douyu/9559158
灯泡兄弟影游谈,https://goodiptv.club/douyu/1690081
爱看剧的家Fat喵,https://goodiptv.club/douyu/65943
牛叔说电影,https://goodiptv.club/douyu/2758565
狂野的种马小说家,https://goodiptv.club/douyu/8849703
猴博士爱讲课V,https://goodiptv.club/douyu/8799739
珞珞说电影,https://goodiptv.club/douyu/3718888
看不见的罗杰,https://goodiptv.club/douyu/8821917
看电影了没V,https://goodiptv.club/douyu/9562616
神羊说电影,https://goodiptv.club/douyu/9443552
秀才侃娱乐,https://goodiptv.club/douyu/9382873
罗叔说戏,https://goodiptv.club/douyu/9788756
老鱼说剧,https://goodiptv.club/douyu/9994377
胶片看电影,https://goodiptv.club/douyu/3715426
自说自话的总裁,https://goodiptv.club/douyu/9317739
虫哥说电影,https://goodiptv.club/douyu/8915074
蛋黄讲动漫,https://goodiptv.club/douyu/9542834
讲故事的角马,https://goodiptv.club/douyu/4400816
说说电影故事,https://goodiptv.club/douyu/9444627
豆客解说,https://goodiptv.club/douyu/8883122
锋哥聊商机,https://goodiptv.club/douyu/9472141
阎君说剧,https://goodiptv.club/douyu/10475459
阿木讲电影,https://goodiptv.club/douyu/532050
飞碟说官方,https://goodiptv.club/douyu/1449125
驴哥说电影,https://goodiptv.club/douyu/5376478
鬼兄奇谈,https://goodiptv.club/douyu/8722254
1987年春晚,https://txmov2.a.kwimgs.com/bs3/video-hls/5195746663405928031_hlsb.m3u8
1988年春晚,https://txmov2.a.kwimgs.com/bs3/video-hls/5216575810935394655_hlsb.m3u8
1989年春晚,https://txmov2.a.kwimgs.com/bs3/video-hls/5194620763762726260_hlsb.m3u8
1993年春晚,https://alimov2.a.kwimgs.com/upic/2023/01/13/22/BMjAyMzAxMTMyMjEwMDNfNDAzMDAxOTlfOTM1MTIzMzYwODJfMF8z_b_B647d10e431b4cc5e48e6c77347d69021.mp4
1994年春晚,https://alimov2.a.kwimgs.com/upic/2023/01/13/22/BMjAyMzAxMTMyMjEwMDNfNDAzMDAxOTlfOTM1MTIzMzYxMjNfMF8z_b_B3dde97f36273f04403d4dc5eec611a35.mp4
1995年春晚,https://alimov2.a.kwimgs.com/upic/2023/01/13/20/BMjAyMzAxMTMyMDA5MjJfNDAzMDAxOTlfOTM0OTkwNDQwNzVfMF8z_b_B811c0dec6b9a3d3074a18522c185010a.mp4
1996年春晚,https://alimov2.a.kwimgs.com/upic/2023/01/13/22/BMjAyMzAxMTMyMjEwMDNfNDAzMDAxOTlfOTM1MTIzMzYxNTJfMF8z_b_Bd841eae10ab1c9955ef55fbedfae6c45.mp4
2000年春晚,https://alimov2.a.kwimgs.com/upic/2023/01/13/21/BMjAyMzAxMTMyMTE4MzRfNDAzMDAxOTlfOTM1MDY4ODIxMTNfMF8z_b_Bdddf4e7ef0ff6cfd477857bb40e78419.mp4
2001年春晚,https://alimov2.a.kwimgs.com/upic/2023/01/13/20/BMjAyMzAxMTMyMDA5MjJfNDAzMDAxOTlfOTM0OTkwNDQyMDFfMF8z_b_B70592cb7c4054e9cabb675e849bbf4bd.mp4
2002年春晚,https://alimov2.a.kwimgs.com/upic/2023/01/13/21/BMjAyMzAxMTMyMTE4MzRfNDAzMDAxOTlfOTM1MDY4ODIxNDdfMF8z_b_Ba6271d10b7e6cfae83759033a091f257.mp4
2003年春晚,https://alimov2.a.kwimgs.com/upic/2023/01/14/23/BMjAyMzAxMTQyMzQxNDdfNDAzMDAxOTlfOTM2MTU0MTk1NDFfMF8z_b_B182749d2cd2ea9323639254af385f24b.mp4
2004年春晚,https://alimov2.a.kwimgs.com/upic/2023/01/13/21/BMjAyMzAxMTMyMTE4MzRfNDAzMDAxOTlfOTM1MDY4ODIxOTVfMF8z_b_B86c4430b82ff5a7f4e8132f6ee558536.mp4
2005年春晚,https://alimov2.a.kwimgs.com/upic/2023/01/13/20/BMjAyMzAxMTMyMDA5MjJfNDAzMDAxOTlfOTM0OTkwNDQyMzhfMF8z_b_B35ad7cc86aec8fc9e5ddfb31fc7bed63.mp4
2006年春晚,https://alimov2.a.kwimgs.com/upic/2023/01/13/20/BMjAyMzAxMTMyMDA5MjJfNDAzMDAxOTlfOTM0OTkwNDQyNzlfMF8z_b_Bbc3703fc331dc994c50859c19aad28ff.mp4
2007年春晚,https://alimov2.a.kwimgs.com/upic/2023/01/13/20/BMjAyMzAxMTMyMDA5MjJfNDAzMDAxOTlfOTM0OTkwNDQzMjNfMF8z_b_B00b069c7899976459ceeaa99353dfefe.mp4
2009年春晚,https://alimov2.a.kwimgs.com/upic/2023/01/13/20/BMjAyMzAxMTMyMDA5MjJfNDAzMDAxOTlfOTM0OTkwNDQzOTBfMF8z_b_B29a36a85e0277f6c2a1f033ef7c10708.mp4
2010年春晚,https://alimov2.a.kwimgs.com/upic/2023/01/13/20/BMjAyMzAxMTMyMDA5MjJfNDAzMDAxOTlfOTM0OTkwNDQ0MjlfMF8z_b_B8818807a00eed329a69fb494f405bd43.mp4
2013年春晚,https://alimov2.a.kwimgs.com/upic/2023/01/13/20/BMjAyMzAxMTMyMDA5MjJfNDAzMDAxOTlfOTM0OTkwNDQ1NjNfMF8z_b_B4fea55408dca4471a68a963ae096be59.mp4
2014年春晚,https://alimov2.a.kwimgs.com/upic/2023/01/06/16/BMjAyMzAxMDYxNjMxMTNfNDAzMDAxOTlfOTI4OTY2ODAzNjlfMF8z_b_Bdee65c77f9e7b2120a185c919dad81d2.mp4
2018年春晚,https://alimov2.a.kwimgs.com/upic/2023/01/06/16/BMjAyMzAxMDYxNjMxMTRfNDAzMDAxOTlfOTI4OTY2ODE2MTBfMF8z_b_B11a778e34390a21de42d407e94f45b91.mp4
2024年春晚,https://p2.bdstatic.com/rtmp.liveshow.lss-user.baidubce.com/live/stream_bduid_6488563992_8982723413/merged_1707497046297_88536_25144_41936.m3u8
2025年春晚,https://svip.high24-playback.com/20250129/17159_7bca93c4/2000k/hls/mixed.m3u8
2025年春晚,https://svipsvip.ffzyread1.com/20250129/35458_c988286f/index.m3u8
中央电视塔东,https://gcalic.v.myalicdn.com/gc/ztd_1/index.m3u8
中央电视塔南,https://gcalic.v.myalicdn.com/gc/ztn_1/index.m3u8
丽江古城万古楼遥望玉龙雪山,https://gcalic.v.myalicdn.com/gc/ljgcwglytylxs_1/index.m3u8
丽江古城大水车,https://gcalic.v.myalicdn.com/gc/ljgcdsc_1/index.m3u8
丽江古城大研花巷观景,https://gcalic.v.myalicdn.com/gc/ljgcdyhxgjt_1/index.m3u8
乌镇全景,https://gcalic.v.myalicdn.com/gc/zjwzblt_1/index.m3u8
乌镇蓝印花布,https://gcalic.v.myalicdn.com/gc/zjwzlyhb_1/index.m3u8
乌镇西市河,https://gcalic.v.myalicdn.com/gc/zjwzbblh_1/index.m3u8
乌镇龙形田,https://gcalic.v.myalicdn.com/gc/zjwzlxt_1/index.m3u8
乐山大佛全景,https://gcalic.v.myalicdn.com/gc/lsdfgfl_1/index.m3u8
云南丽江冰川,https://gcalic.v.myalicdn.com/gc/hkylxs05_1/index.m3u8
云南丽江印象实景,https://gcalic.v.myalicdn.com/gc/hkylxs01_1/index.m3u8
云南丽江玉龙雪山,https://gcalic.v.myalicdn.com/gc/ylxs11_1/index.m3u8
云南丽江玉龙雪山草甸,https://gcalic.v.myalicdn.com/gc/hkylxs06_1/index.m3u8
云南丽江蓝月谷,https://gcalic.v.myalicdn.com/gc/ylxs12_1/index.m3u8
云南大理崇圣寺三塔中景,https://gcalic.v.myalicdn.com/gc/dlst03_1/index.m3u8
云南大理崇圣寺三塔远景,https://gcalic.v.myalicdn.com/gc/dlst01_1/index.m3u8
云南白沙远眺玉龙雪山,https://gcalic.v.myalicdn.com/gc/hkylxs03_1/index.m3u8
五彩池,https://gcalic.v.myalicdn.com/gc/hlwcc_1/index.m3u8
八里沟风景区天界山玻璃栈道,https://gcalic.v.myalicdn.com/gc/blg03_1/index.m3u8
八里沟风景区桃花湾瀑布,https://gcalic.v.myalicdn.com/gc/blg05_1/index.m3u8
六盘山红军长征景区,https://gcalic.v.myalicdn.com/gc/lpsgmjng01_1/index.m3u8
南京玄武湖公园,https://gcalic.v.myalicdn.com/gc/xwh01_1/index.m3u8
厦门鼓浪屿,https://gcalic.v.myalicdn.com/gc/gly01_1/index.m3u8
四川四姑娘山隆珠措,https://gcalic.v.myalicdn.com/gc/sgns02_1/index.m3u8
四川峨眉山云海日出,https://gcalic.v.myalicdn.com/gc/emsarm_1/index.m3u8
四川峨眉山普贤菩萨铜像,https://gcalic.v.myalicdn.com/gc/emspxps_1/index.m3u8
四川峨眉山远眺万佛顶,https://gcalic.v.myalicdn.com/gc/emswfs_1/index.m3u8
四川峨眉山远眺贡嘎雪山,https://gcalic.v.myalicdn.com/gc/emsyh_1/index.m3u8
天涯石,https://gcalic.v.myalicdn.com/gc/tyhjtys_1/index.m3u8
安徽池州九华山风景区九华山,https://gcalic.v.myalicdn.com/gc/jhs05_1/index.m3u8
安徽黟县芦村远眺,https://gcalic.v.myalicdn.com/gc/yxlcyt_1/index.m3u8
安徽黟县西递牌坊,https://gcalic.v.myalicdn.com/gc/yxxdpf_1/index.m3u8
广西桂林漓江景区,https://gcalic.v.myalicdn.com/gc/gllj01_1/index.m3u8
广西玉林大容山莲花山顶,https://gcalic.v.myalicdn.com/gc/drs01_1/index.m3u8
张掖七彩丹霞,https://gcalic.v.myalicdn.com/gc/zyqcdx01_1/index.m3u8
恒山悬空寺全景,https://gcalic.v.myalicdn.com/gc/hsxksqj_1/index.m3u8
新疆天山,http://gctxyc.liveplay.myqcloud.com/gc/xjtcdhsz_1/index.m3u8
普陀山,https://gcalic.v.myalicdn.com/gc/pts01_1/index.m3u8
月牙泉,https://gcalic.v.myalicdn.com/gc/dhyyqsm_1/index.m3u8
望乡台,https://gcalic.v.myalicdn.com/gc/hlwxt_1/index.m3u8
江苏南京牛首山,https://gcalic.v.myalicdn.com/gc/nss01_1/index.m3u8
江苏徐州云龙湖风景区云龙山观景台西,https://gcalic.v.myalicdn.com/gc/ylh04_1/index.m3u8
泰山主峰,https://gcalic.v.myalicdn.com/gc/taishan01_1/index.m3u8
泰山十八盘,https://gcalic.v.myalicdn.com/gc/taishan05_1/index.m3u8
泰山南天门,https://gcalic.v.myalicdn.com/gc/hkts07_1/index.m3u8
泰山大观峰,https://gcalic.v.myalicdn.com/gc/taishan03_1/index.m3u8
泰山太平岭,https://gcalic.v.myalicdn.com/gc/hkts09_1/index.m3u8
泰山望人松,https://gcalic.v.myalicdn.com/gc/taishan02_1/index.m3u8
泰山玉皇顶,https://gcalic.v.myalicdn.com/gc/taishan06_1/index.m3u8
泰山白云亭悬崖,https://gcalic.v.myalicdn.com/gc/hkts02_1/index.m3u8
泰山碧霞祠,https://gcalic.v.myalicdn.com/gc/hkts03_1/index.m3u8
浙江舟山东极岛,https://gcalic.v.myalicdn.com/gc/djd01_1/index.m3u8
湖南张家界天门山西线玻璃栈道,https://gcalic.v.myalicdn.com/gc/tms05_1/index.m3u8
湖南张家界宝峰湖,https://gcalic.v.myalicdn.com/gc/zjjbfh_1/index.m3u8
湖南张家界御笔峰,https://gcalic.v.myalicdn.com/gc/zjjybf_1/index.m3u8
湖南张家界水绕四门,https://gcalic.v.myalicdn.com/gc/zjjsrsm_1/index.m3u8
狮子山鸟瞰丽江古城,https://gcalic.v.myalicdn.com/gc/ljgcszsnkgc_1/index.m3u8
福建武夷山玉女峰,https://gcalic.v.myalicdn.com/gc/wysynf_1/index.m3u8
福建漳州醉美沙滩翡翠湾,https://gcalic.v.myalicdn.com/gc/fcw03_1/index.m3u8
贵州省兴义市万峰林,https://gcalic.v.myalicdn.com/gc/xywfl_1/index.m3u8
都江堰鱼嘴,https://gcalic.v.myalicdn.com/gc/djyqyl1_1/index.m3u8
陕西洋县国宝朱鹮02,https://gcalic.v.myalicdn.com/gc/zh02_1/index.m3u8
雪乡大石碑,https://gcalic.v.myalicdn.com/gc/mdjxxdsb_1/index.m3u8
雪乡梦幻家园,https://gcalic.v.myalicdn.com/gc/mdjxxmhjyxj_1/index.m3u8
青岛崂山八水河,https://gcalic.v.myalicdn.com/gc/qdls02_1/index.m3u8
青岛崂山双福,https://gcalic.v.myalicdn.com/gc/qdls03_1/index.m3u8
鸣沙山,https://gcalic.v.myalicdn.com/gc/dhyyqst_1/index.m3u8
黄山,https://gcalic.v.myalicdn.com/gc/ahhs01_1/index.m3u8
黄山始信新道,https://gcalic.v.myalicdn.com/gc/hsyg_1/index.m3u8
黄山排云亭,https://gcalic.v.myalicdn.com/gc/hspyt_1/index.m3u8
黄山飞来石,https://gcalic.v.myalicdn.com/gc/hsptgy_1/index.m3u8
黄果树六角亭瀑布,https://gcalic.v.myalicdn.com/gc/hgsspzxdpb_1/index.m3u8
黄花城水长城01,https://gcalic.v.myalicdn.com/gc/wgw01_1/index.m3u8
黄花城水长城02,http://gctxyc.liveplay.myqcloud.com/gc/wgw02_1/index.m3u8
黄花城水长城03,https://gcalic.v.myalicdn.com/gc/wgw03_1/index.m3u8
黄龙,https://gcalic.v.myalicdn.com/gc/hlzycc_1/index.m3u8
2026-03-26 18:27:11,https://vd2.bdstatic.com/mda-scfjjr0gw3rrk0nm/sc/cae_h264/1773669284080863767/mda-scfjjr0gw3rrk0nm.mp4
www.izbds.com,https://vd2.bdstatic.com/mda-scfjjr0gw3rrk0nm/sc/cae_h264/1773669284080863767/mda-scfjjr0gw3rrk0nm.mp4
